<div class="tribe-common-b2 tribe-events-status-single-notice">
	<div class="tribe-events-status-single tribe-events-status-single--postponed">
	<div class="tribe-events-status-single__header">

		<div class="tribe-events-status-single__header tribe-events-status-single__header--bold tribe-events-status-single__header--alert-icon">
			Postponed		</div>
			</div>
</div>
</div>
