<div class="tribe-common-b2 tribe-events-status-single-notice">
	<div class="tribe-events-status-single tribe-events-status-single--canceled">
	<div class="tribe-events-status-single__header">

		<div class="tribe-events-status-single__header tribe-events-status-single__header--bold tribe-events-status-single__header--alert-icon">
			Canceled		</div>
					<div class="tribe-events-status-single__description">
				This event is canceled because.			</div>
			</div>
</div>
</div>
