{
    "key": "stop",
    "html": "",
    "nodes": [],
    "poll": false
}
