// Jest Snapshot v1, https://goo.gl/fbAQLP

exports[`[STORE] - details reducer Should enable the loading 1`] = `
{
  "details": {},
  "isLoading": true,
  "postType": "tribe_events",
}
`;

exports[`[STORE] - details reducer Should set the details 1`] = `
{
  "details": {
    "title": "Modern Tribe",
  },
  "isLoading": false,
  "postType": "tribe_events",
}
`;

exports[`[STORE] - details reducer Should set the post type 1`] = `
{
  "details": {},
  "isLoading": false,
  "postType": "tribe_organizers",
}
`;
