[
    [
        "tec\/\/archive-events",
        "tec\/\/single-event"
    ],
    [
        "tec\/\/archive-events"
    ],
    [
        "tec\/\/single-event"
    ],
    []
]
