// Jest Snapshot v1, https://goo.gl/fbAQLP

exports[`[STORE] - Venue selectors Should return the map embed config 1`] = `true`;

exports[`[STORE] - Venue selectors Should return the venue block 1`] = `{}`;

exports[`[STORE] - Venue selectors Should select the showMap 1`] = `undefined`;

exports[`[STORE] - Venue selectors Should select the showMapLink 1`] = `undefined`;
