<div class='tec-ct1-upgrade--migration-prompt'></div>