<h3  class="tribe-events-calendar-month-mobile-events__mobile-event-title tribe-common-h7" ><span class="tribe-events-status-label">
	<span class="tribe-events-status-label__text tribe-events-status-label__text--postponed">
	Postponed</span>
</span>

	<a
		href="http://test.tri.be/?tribe_events=single-event-1"
		title="Single Event 1"
		rel="bookmark"
		class="tribe-events-calendar-month-mobile-events__mobile-event-title-link tribe-common-anchor"
	>
		Single Event 1	</a>
</h3>
