<h3  class="tribe-events-calendar-month-mobile-events__mobile-event-title tribe-common-h7" >
	<a
		href="http://test.tri.be/?tribe_events=single-event-1"
		title="Single Event 1"
		rel="bookmark"
		class="tribe-events-calendar-month-mobile-events__mobile-event-title-link tribe-common-anchor"
	>
		Single Event 1	</a>
</h3>
