<h3 class="tribe-events-calendar-month__multiday-event-hidden-title tribe-common-h8">
	Single Event 1</h3>
