<h3 class="tribe-events-calendar-month__multiday-event-bar-title tribe-common-h8"><span class="tribe-events-status-label">
	<span class="tribe-events-status-label__text tribe-events-status-label__text--postponed">
	Postponed</span>
</span>

	Single Event 1</h3>
