<div class="tec-events-elementor-event-widget__website" > <p class="tec-events-elementor-event-widget__website-header" > Website:</p> <div class="tec-events-elementor-event-widget__website-link" > <a href="" target="_self" rel="external">&lt;a href=&#039;http://theeventscalendar.com&#039;&gt;link&lt;/a&gt;</a></div> </div> 