<div class="tec-events-elementor-event-widget__categories" > <h4 class="tec-events-elementor-event-widget__categories-header" > Categories:</h4> <div class="tec-events-elementor-event-widget__categories-link-wrapper" > not_empty </div> </div> 