<span class="tec-events-elementor-event-widget__cost-header" > Cost:</span><p class="tec-events-elementor-event-widget__cost" > $10</p>