<div class="tec-events-elementor-event-widget__venue" > <h2 class="tec-events-elementor-event-widget__venue-header" > Venue</h2> <div class="tec-events-elementor-event-widget__venue-container" > <div class="tec-events-elementor-event-widget__venue-details" > <h3 class="tec-events-elementor-event-widget__venue-name" > <a class="tec-events-elementor-event-widget__venue-name-link" href="http://wordpress.test/?tribe_venue=venue-2233"> Venue 2233 title </a> </h3><div class="tec-events-elementor-event-widget__venue-address" > <address class="tec-events-elementor-event-widget__venue-address-address" > <span class="tribe-address"> <span class="tribe-street-address">100 Rue de Le Chat</span> <br> <span class="tribe-locality">Paris</span><span class="tribe-delimiter">,</span> <abbr class="tribe-region tribe-events-abbr" title="Ile de France">Ile de France</abbr> <span class="tribe-postal-code">75019</span> <span class="tribe-country-name">France</span> </span> </address> <p class="tec-events-elementor-event-widget__venue-address-map-link" > <a class="tribe-events-gmap" href="https://maps.google.com/maps?f=q&#038;source=s_q&#038;hl=en&#038;geocode=&#038;q=100+Rue+de+Le+Chat+Paris+Ile+de+France+75019+France" title="Click to view a Google Map" target="_blank" rel="noreferrer noopener">+ Google Map</a></p> </div> <div class="tec-events-elementor-event-widget__venue-phone" > <p class="tec-events-elementor-event-widget__venue-phone-number" > 11223344 </p> </div> <div class="tec-events-elementor-event-widget__venue-website" > <p class="tec-events-elementor-event-widget__venue-website-url" > <a href="http://venue.org" target="_self" rel="external">View Venue Website</a></p> </div> </div> </div> </div> 