<h2 class="tec-events-elementor-event-widget__title" > Backup Title</h2>