<div class="tec-events-elementor-event-widget__datetime-wrapper" > <p class="tec-events-elementor-event-widget__datetime" > <span class="tec-events-elementor-event-widget__datetime-date tec-events-elementor-event-widget__datetime-date--start" >July 4</span> </p></div> 