<nav class="tec-events-elementor-event-widget__navigation" aria-label="Events"> <ul class="tec-events-elementor-event-widget__navigation--subnav" > <li class="tec-events-elementor-event-widget__navigation--next" > <a href="http://theeventscalendar.com/prev"> Single Event 2 <svg xmlns="http://www.w3.org/2000/svg"><path d="M.084 2.159L2 .243l9.9 9.9L2 20.041.084 18.126l7.983-7.984z" /></svg> </a> </li> </ul> </nav> 