{
    "events": [
        {
            "id": "{EVENT_ID}",
            "global_id": "wordpress.test?id={EVENT_ID}",
            "global_id_lineage": [
                "wordpress.test?id={EVENT_ID}"
            ],
            "author": "0",
            "status": "publish",
            "date": "2024-06-13 17:25:00",
            "date_utc": "2024-06-13 17:25:00",
            "modified": "2024-06-13 17:25:00",
            "modified_utc": "2024-06-13 17:25:00",
            "url": "http:\/\/wordpress.test\/?tribe_events=test-event-1",
            "rest_url": "http:\/\/wordpress.test\/index.php?rest_route=\/tribe\/events\/v1\/events\/{EVENT_ID}",
            "title": "Test Event 1",
            "description": "",
            "excerpt": "",
            "slug": "test-event-1",
            "image": false,
            "all_day": false,
            "start_date": "2024-07-14 12:00:00",
            "start_date_details": {
                "year": "2024",
                "month": "07",
                "day": "14",
                "hour": "12",
                "minutes": "00",
                "seconds": "00"
            },
            "end_date": "2024-07-14 14:00:00",
            "end_date_details": {
                "year": "2024",
                "month": "07",
                "day": "14",
                "hour": "14",
                "minutes": "00",
                "seconds": "00"
            },
            "utc_start_date": "2024-07-14 12:00:00",
            "utc_start_date_details": {
                "year": "2024",
                "month": "07",
                "day": "14",
                "hour": "12",
                "minutes": "00",
                "seconds": "00"
            },
            "utc_end_date": "2024-07-14 14:00:00",
            "utc_end_date_details": {
                "year": "2024",
                "month": "07",
                "day": "14",
                "hour": "14",
                "minutes": "00",
                "seconds": "00"
            },
            "timezone": "UTC",
            "timezone_abbr": "UTC",
            "cost": "",
            "cost_details": {
                "currency_symbol": "",
                "currency_code": "",
                "currency_position": "",
                "values": []
            },
            "website": "http:\/\/wordpress.test\/?tribe_events=test-event-1",
            "show_map": true,
            "show_map_link": true,
            "hide_from_listings": false,
            "sticky": false,
            "featured": false,
            "categories": [],
            "tags": [],
            "venue": [],
            "organizer": [],
            "custom_fields": []
        },
        {
            "id": "{EVENT_ID}",
            "global_id": "wordpress.test?id={EVENT_ID}",
            "global_id_lineage": [
                "wordpress.test?id={EVENT_ID}"
            ],
            "author": "0",
            "status": "publish",
            "date": "2024-06-13 17:25:00",
            "date_utc": "2024-06-13 17:25:00",
            "modified": "2024-06-13 17:25:00",
            "modified_utc": "2024-06-13 17:25:00",
            "url": "http:\/\/wordpress.test\/?tribe_events=test-event-2",
            "rest_url": "http:\/\/wordpress.test\/index.php?rest_route=\/tribe\/events\/v1\/events\/{EVENT_ID}",
            "title": "Test Event 2",
            "description": "",
            "excerpt": "",
            "slug": "test-event-2",
            "image": false,
            "all_day": false,
            "start_date": "2024-07-14 12:00:00",
            "start_date_details": {
                "year": "2024",
                "month": "07",
                "day": "14",
                "hour": "12",
                "minutes": "00",
                "seconds": "00"
            },
            "end_date": "2024-07-14 14:00:00",
            "end_date_details": {
                "year": "2024",
                "month": "07",
                "day": "14",
                "hour": "14",
                "minutes": "00",
                "seconds": "00"
            },
            "utc_start_date": "2024-07-14 12:00:00",
            "utc_start_date_details": {
                "year": "2024",
                "month": "07",
                "day": "14",
                "hour": "12",
                "minutes": "00",
                "seconds": "00"
            },
            "utc_end_date": "2024-07-14 14:00:00",
            "utc_end_date_details": {
                "year": "2024",
                "month": "07",
                "day": "14",
                "hour": "14",
                "minutes": "00",
                "seconds": "00"
            },
            "timezone": "UTC",
            "timezone_abbr": "UTC",
            "cost": "",
            "cost_details": {
                "currency_symbol": "",
                "currency_code": "",
                "currency_position": "",
                "values": []
            },
            "website": "http:\/\/wordpress.test\/?tribe_events=test-event-2",
            "show_map": true,
            "show_map_link": true,
            "hide_from_listings": false,
            "sticky": false,
            "featured": false,
            "categories": [],
            "tags": [],
            "venue": [],
            "organizer": [],
            "custom_fields": []
        },
        {
            "id": "{EVENT_ID}",
            "global_id": "wordpress.test?id={EVENT_ID}",
            "global_id_lineage": [
                "wordpress.test?id={EVENT_ID}"
            ],
            "author": "0",
            "status": "publish",
            "date": "2024-06-13 17:25:00",
            "date_utc": "2024-06-13 17:25:00",
            "modified": "2024-06-13 17:25:00",
            "modified_utc": "2024-06-13 17:25:00",
            "url": "http:\/\/wordpress.test\/?tribe_events=test-event-3",
            "rest_url": "http:\/\/wordpress.test\/index.php?rest_route=\/tribe\/events\/v1\/events\/{EVENT_ID}",
            "title": "Test Event 3",
            "description": "",
            "excerpt": "",
            "slug": "test-event-3",
            "image": false,
            "all_day": null,
            "start_date": "2024-07-14 12:00:00",
            "start_date_details": {
                "year": "2024",
                "month": "07",
                "day": "14",
                "hour": "12",
                "minutes": "00",
                "seconds": "00"
            },
            "end_date": "2024-07-14 14:00:00",
            "end_date_details": {
                "year": "2024",
                "month": "07",
                "day": "14",
                "hour": "14",
                "minutes": "00",
                "seconds": "00"
            },
            "utc_start_date": "2024-07-14 12:00:00",
            "utc_start_date_details": {
                "year": "2024",
                "month": "07",
                "day": "14",
                "hour": "12",
                "minutes": "00",
                "seconds": "00"
            },
            "utc_end_date": "2024-07-14 14:00:00",
            "utc_end_date_details": {
                "year": "2024",
                "month": "07",
                "day": "14",
                "hour": "14",
                "minutes": "00",
                "seconds": "00"
            },
            "timezone": "UTC",
            "timezone_abbr": "UTC",
            "cost": "",
            "cost_details": {
                "currency_symbol": "",
                "currency_position": "",
                "currency_code": "",
                "values": []
            },
            "website": "",
            "show_map": null,
            "show_map_link": null,
            "hide_from_listings": null,
            "sticky": null,
            "featured": null,
            "categories": [],
            "tags": [],
            "venue": [],
            "organizer": [],
            "custom_fields": []
        },
        {
            "id": "{EVENT_ID}",
            "global_id": "wordpress.test?id={EVENT_ID}",
            "global_id_lineage": [
                "wordpress.test?id={EVENT_ID}"
            ],
            "author": "0",
            "status": "publish",
            "date": "2024-06-13 17:25:00",
            "date_utc": "2024-06-13 17:25:00",
            "modified": "2024-06-13 17:25:00",
            "modified_utc": "2024-06-13 17:25:00",
            "url": "http:\/\/wordpress.test\/?tribe_events=test-event-4",
            "rest_url": "http:\/\/wordpress.test\/index.php?rest_route=\/tribe\/events\/v1\/events\/{EVENT_ID}",
            "title": "Test Event 4",
            "description": "",
            "excerpt": "",
            "slug": "test-event-4",
            "image": false,
            "all_day": false,
            "start_date": "2024-07-14 12:00:00",
            "start_date_details": {
                "year": "2024",
                "month": "07",
                "day": "14",
                "hour": "12",
                "minutes": "00",
                "seconds": "00"
            },
            "end_date": "2024-07-14 14:00:00",
            "end_date_details": {
                "year": "2024",
                "month": "07",
                "day": "14",
                "hour": "14",
                "minutes": "00",
                "seconds": "00"
            },
            "utc_start_date": "2024-07-14 12:00:00",
            "utc_start_date_details": {
                "year": "2024",
                "month": "07",
                "day": "14",
                "hour": "12",
                "minutes": "00",
                "seconds": "00"
            },
            "utc_end_date": "2024-07-14 14:00:00",
            "utc_end_date_details": {
                "year": "2024",
                "month": "07",
                "day": "14",
                "hour": "14",
                "minutes": "00",
                "seconds": "00"
            },
            "timezone": "UTC",
            "timezone_abbr": "UTC",
            "cost": "",
            "cost_details": {
                "currency_symbol": "",
                "currency_code": "",
                "currency_position": "",
                "values": []
            },
            "website": "http:\/\/wordpress.test\/?tribe_events=test-event-4",
            "show_map": true,
            "show_map_link": true,
            "hide_from_listings": false,
            "sticky": false,
            "featured": false,
            "categories": [],
            "tags": [],
            "venue": [],
            "organizer": [],
            "custom_fields": []
        },
        {
            "id": "{EVENT_ID}",
            "global_id": "wordpress.test?id={EVENT_ID}",
            "global_id_lineage": [
                "wordpress.test?id={EVENT_ID}"
            ],
            "author": "0",
            "status": "publish",
            "date": "2024-06-13 17:25:00",
            "date_utc": "2024-06-13 17:25:00",
            "modified": "2024-06-13 17:25:00",
            "modified_utc": "2024-06-13 17:25:00",
            "url": "http:\/\/wordpress.test\/?tribe_events=test-event-5",
            "rest_url": "http:\/\/wordpress.test\/index.php?rest_route=\/tribe\/events\/v1\/events\/{EVENT_ID}",
            "title": "Test Event 5",
            "description": "",
            "excerpt": "",
            "slug": "test-event-5",
            "image": false,
            "all_day": null,
            "start_date": "2024-07-14 12:00:00",
            "start_date_details": {
                "year": "2024",
                "month": "07",
                "day": "14",
                "hour": "12",
                "minutes": "00",
                "seconds": "00"
            },
            "end_date": "2024-07-14 14:00:00",
            "end_date_details": {
                "year": "2024",
                "month": "07",
                "day": "14",
                "hour": "14",
                "minutes": "00",
                "seconds": "00"
            },
            "utc_start_date": "2024-07-14 12:00:00",
            "utc_start_date_details": {
                "year": "2024",
                "month": "07",
                "day": "14",
                "hour": "12",
                "minutes": "00",
                "seconds": "00"
            },
            "utc_end_date": "2024-07-14 14:00:00",
            "utc_end_date_details": {
                "year": "2024",
                "month": "07",
                "day": "14",
                "hour": "14",
                "minutes": "00",
                "seconds": "00"
            },
            "timezone": "UTC",
            "timezone_abbr": "UTC",
            "cost": "",
            "cost_details": {
                "currency_symbol": "",
                "currency_position": "",
                "currency_code": "",
                "values": []
            },
            "website": "",
            "show_map": null,
            "show_map_link": null,
            "hide_from_listings": null,
            "sticky": null,
            "featured": null,
            "categories": [],
            "tags": [],
            "venue": [],
            "organizer": [],
            "custom_fields": []
        }
    ],
    "rest_url": "http:\/\/wordpress.test\/index.php?rest_route=%2Ftribe%2Fevents%2Fv1%2Fevents%2F&per_page=10&status=publish",
    "total": 5,
    "total_pages": 1
}