{
    "venues": [
        {
            "id": "{VENUE_ID}",
            "status": "publish",
            "date": "2024-06-13 17:25:00",
            "date_utc": "2024-06-13 17:25:00",
            "modified": "2024-06-13 17:25:00",
            "modified_utc": "2024-06-13 17:25:00",
            "url": "http:\/\/wordpress.test\/?tribe_venue=post-title-{NUMBER}",
            "venue": [],
            "description": "",
            "excerpt": "",
            "slug": "post-title-{NUMBER}",
            "address": "",
            "city": "",
            "country": "",
            "province": "",
            "state": "venue0.00000000 1718299500 state",
            "zip": "",
            "phone": "",
            "website": "",
            "stateprovince": "",
            "show_map": null,
            "show_map_link": null,
            "global_id": "wordpress.test?id={VENUE_ID}",
            "global_id_lineage": [
                "wordpress.test?id={VENUE_ID}"
            ]
        },
        {
            "id": "{VENUE_ID}",
            "status": "publish",
            "date": "2024-06-13 17:25:00",
            "date_utc": "2024-06-13 17:25:00",
            "modified": "2024-06-13 17:25:00",
            "modified_utc": "2024-06-13 17:25:00",
            "url": "http:\/\/wordpress.test\/?tribe_venue=post-title-{NUMBER}",
            "venue": "Post title {NUMBER}",
            "description": "<p>Post content {NUMBER}<\/p>",
            "excerpt": "<p>Post excerpt {NUMBER}<\/p>",
            "slug": "post-title-{NUMBER}",
            "address": "venue0.00000000 1718299500 address",
            "city": "venue0.00000000 1718299500city",
            "country": "venue0.00000000 1718299500 country",
            "province": "venue0.00000000 1718299500 province",
            "state": "venue0.00000000 1718299500 state",
            "zip": "venue0.00000000 1718299500 zip",
            "phone": "venue0.00000000 1718299500 phone",
            "website": "http:\/\/venue0-00000000-1718299500.com",
            "stateprovince": "venue0.00000000 1718299500 state_province",
            "show_map": true,
            "show_map_link": true,
            "global_id": "wordpress.test?id={VENUE_ID}",
            "global_id_lineage": [
                "wordpress.test?id={VENUE_ID}"
            ]
        },
        {
            "id": "{VENUE_ID}",
            "status": "publish",
            "date": "2024-06-13 17:25:00",
            "date_utc": "2024-06-13 17:25:00",
            "modified": "2024-06-13 17:25:00",
            "modified_utc": "2024-06-13 17:25:00",
            "url": "http:\/\/wordpress.test\/?tribe_venue=post-title-{NUMBER}",
            "venue": [],
            "description": "",
            "excerpt": "",
            "slug": "post-title-{NUMBER}",
            "address": "",
            "city": "",
            "country": "",
            "province": "",
            "state": "venue0.00000000 1718299500 state",
            "zip": "",
            "phone": "",
            "website": "",
            "stateprovince": "",
            "show_map": null,
            "show_map_link": null,
            "global_id": "wordpress.test?id={VENUE_ID}",
            "global_id_lineage": [
                "wordpress.test?id={VENUE_ID}"
            ]
        },
        {
            "id": "{VENUE_ID}",
            "status": "publish",
            "date": "2024-06-13 17:25:00",
            "date_utc": "2024-06-13 17:25:00",
            "modified": "2024-06-13 17:25:00",
            "modified_utc": "2024-06-13 17:25:00",
            "url": "http:\/\/wordpress.test\/?tribe_venue=post-title-{NUMBER}",
            "venue": "Post title {NUMBER}",
            "description": "<p>Post content {NUMBER}<\/p>",
            "excerpt": "<p>Post excerpt {NUMBER}<\/p>",
            "slug": "post-title-{NUMBER}",
            "address": "venue0.00000000 1718299500 address",
            "city": "venue0.00000000 1718299500city",
            "country": "venue0.00000000 1718299500 country",
            "province": "venue0.00000000 1718299500 province",
            "state": "venue0.00000000 1718299500 state",
            "zip": "venue0.00000000 1718299500 zip",
            "phone": "venue0.00000000 1718299500 phone",
            "website": "http:\/\/venue0-00000000-1718299500.com",
            "stateprovince": "venue0.00000000 1718299500 state_province",
            "show_map": true,
            "show_map_link": true,
            "global_id": "wordpress.test?id={VENUE_ID}",
            "global_id_lineage": [
                "wordpress.test?id={VENUE_ID}"
            ]
        },
        {
            "id": "{VENUE_ID}",
            "status": "publish",
            "date": "2024-06-13 17:25:00",
            "date_utc": "2024-06-13 17:25:00",
            "modified": "2024-06-13 17:25:00",
            "modified_utc": "2024-06-13 17:25:00",
            "url": "http:\/\/wordpress.test\/?tribe_venue=post-title-{NUMBER}",
            "venue": "Post title {NUMBER}",
            "description": "<p>Post content {NUMBER}<\/p>",
            "excerpt": "<p>Post excerpt {NUMBER}<\/p>",
            "slug": "post-title-{NUMBER}",
            "address": "venue0.00000000 1718299500 address",
            "city": "venue0.00000000 1718299500city",
            "country": "venue0.00000000 1718299500 country",
            "province": "venue0.00000000 1718299500 province",
            "state": "venue0.00000000 1718299500 state",
            "zip": "venue0.00000000 1718299500 zip",
            "phone": "venue0.00000000 1718299500 phone",
            "website": "http:\/\/venue0-00000000-1718299500.com",
            "stateprovince": "venue0.00000000 1718299500 state_province",
            "show_map": true,
            "show_map_link": true,
            "global_id": "wordpress.test?id={VENUE_ID}",
            "global_id_lineage": [
                "wordpress.test?id={VENUE_ID}"
            ]
        }
    ],
    "rest_url": "http:\/\/wordpress.test\/index.php?rest_route=%2Ftribe%2Fevents%2Fv1%2Fvenues%2F&status=publish",
    "total": 5,
    "total_pages": 1
}