{
    "id": "{ORGANIZER_ID}",
    "status": "publish",
    "date": "2024-06-13 17:25:00",
    "date_utc": "2024-06-13 17:25:00",
    "modified": "2024-06-13 17:25:00",
    "modified_utc": "2024-06-13 17:25:00",
    "url": "http:\/\/wordpress.test\/?tribe_organizer=post-title-{NUMBER}",
    "organizer": [],
    "description": "",
    "excerpt": "",
    "slug": "post-title-{NUMBER}",
    "phone": "",
    "website": "",
    "email": "",
    "global_id": "wordpress.test?id={ORGANIZER_ID}",
    "global_id_lineage": [
        "wordpress.test?id={ORGANIZER_ID}"
    ]
}