// Jest Snapshot v1, https://goo.gl/fbAQLP

exports[`[STORE] - Organizer actions Add organizer in a block 1`] = `
{
  "payload": {
    "id": "firstBlock",
    "organizer": 99,
  },
  "type": "@@MT/EVENTS/ADD_BLOCK_ORGANIZER",
}
`;

exports[`[STORE] - Organizer actions Add organizer in classic 1`] = `
{
  "payload": {
    "organizer": 77,
  },
  "type": "@@MT/EVENTS/ADD_CLASSIC_ORGANIZERS",
}
`;

exports[`[STORE] - Organizer actions Remove organizer in block 1`] = `
{
  "payload": {
    "id": "firstBlock",
    "organizer": 100,
  },
  "type": "@@MT/EVENTS/REMOVE_BLOCK_ORGANIZER",
}
`;

exports[`[STORE] - Organizer actions Remove organizer in classic 1`] = `
{
  "payload": {
    "organizer": 2,
  },
  "type": "@@MT/EVENTS/REMOVE_CLASSIC_ORGANIZERS",
}
`;
