SELECT *
FROM `test_tec_occurrences`
ORDER BY `end_date_utc` DESC